// Jest Snapshot v1, https://goo.gl/fbAQLP

exports[`python-pydantic-empty-response 1`] = `
"# python-pydantic-empty-response<a id="python-pydantic-empty-response"></a>

A simple API based for testing python-pydantic-empty-response.


[![PyPI](https://img.shields.io/badge/PyPI-v1.0.0-blue)](https://pypi.org/project/python-pydantic-empty-response/1.0.0)
[![README.md](https://img.shields.io/badge/README-Click%20Here-green)](https://github.com/konfig-dev/konfig/tree/main/python#readme)
[![More Info](https://img.shields.io/badge/More%20Info-Click%20Here-orange)](http://example.com/support)

## Table of Contents<a id="table-of-contents"></a>

<!-- toc -->

- [Requirements](#requirements)
- [Installing](#installing)
- [Getting Started](#getting-started)
- [Async](#async)
- [Raw HTTP Response](#raw-http-response)
- [Reference](#reference)
  * [\`pythonpydanticemptyresponse.test.fetch\`](#pythonpydanticemptyresponsetestfetch)

<!-- tocstop -->

## Requirements<a id="requirements"></a>

Python >=3.7

## Installing<a id="installing"></a>

\`\`\`sh
pip install python-pydantic-empty-response==1.0.0
\`\`\`

## Getting Started<a id="getting-started"></a>

\`\`\`python
from pprint import pprint
from python_pydantic_empty_response import PythonPydanticEmptyResponse, ApiException

pythonpydanticemptyresponse = PythonPydanticEmptyResponse(
    api_key="YOUR_API_KEY",
)

try:
    # Fetches a JSON value based on input parameter
    pythonpydanticemptyresponse.test.fetch()
except ApiException as e:
    print("Exception when calling TestApi.fetch: %s\\n" % e)
    pprint(e.body)
    pprint(e.headers)
    pprint(e.status)
    pprint(e.reason)
    pprint(e.round_trip_time)
\`\`\`

## Async<a id="async"></a>

\`async\` support is available by prepending \`a\` to any method.

\`\`\`python
import asyncio
from pprint import pprint
from python_pydantic_empty_response import PythonPydanticEmptyResponse, ApiException

pythonpydanticemptyresponse = PythonPydanticEmptyResponse(
    api_key="YOUR_API_KEY",
)


async def main():
    try:
        # Fetches a JSON value based on input parameter
        await pythonpydanticemptyresponse.test.afetch()
    except ApiException as e:
        print("Exception when calling TestApi.fetch: %s\\n" % e)
        pprint(e.body)
        pprint(e.headers)
        pprint(e.status)
        pprint(e.reason)
        pprint(e.round_trip_time)


asyncio.run(main())
\`\`\`

## Raw HTTP Response<a id="raw-http-response"></a>

To access raw HTTP response values, use the \`.raw\` namespace.

\`\`\`python
from pprint import pprint
from python_pydantic_empty_response import PythonPydanticEmptyResponse, ApiException

pythonpydanticemptyresponse = PythonPydanticEmptyResponse(
    api_key="YOUR_API_KEY",
)

try:
    # Fetches a JSON value based on input parameter
    pythonpydanticemptyresponse.test.raw.fetch()
except ApiException as e:
    print("Exception when calling TestApi.fetch: %s\\n" % e)
    pprint(e.body)
    pprint(e.headers)
    pprint(e.status)
    pprint(e.reason)
    pprint(e.round_trip_time)
\`\`\`


## Reference<a id="reference"></a>
### \`pythonpydanticemptyresponse.test.fetch\`<a id="pythonpydanticemptyresponsetestfetch"></a>

Provide an input parameter to receive a JSON value with properties.

#### 🛠️ Usage<a id="🛠️-usage"></a>

\`\`\`python
pythonpydanticemptyresponse.test.fetch()
\`\`\`

#### 🌐 Endpoint<a id="🌐-endpoint"></a>

\`/simple-endpoint\` \`get\`

[🔙 **Back to Table of Contents**](#table-of-contents)

---


## Author<a id="author"></a>
This Python package is automatically generated by [Konfig](https://konfigthis.com)
"
`;
