// Vitest Snapshot v1, https://vitest.dev/guide/snapshot.html

exports[`generate "requestBody" parameter when non-request body parameter and request body value exist 1`] = `
"curl --request PUT \\\\
  --url https://partners.bellhops.dev/v5/quotes/service_groups/SERVICE_GROUP_ID/locations \\\\
  --header 'Content-Type: application/json' \\\\
  --data-binary '[
  \\"123\\"
]'"
`;

exports[`httpsnippet - HAR validation error 1`] = `
"curl --request GET \\\\
  --url https://api.workflows.tryleap.ai/v1/runs/m%20"
`;

exports[`httpsnippet - deeply nested objects with files 1`] = `
"curl --request POST \\\\
  --url https://api.groundx.ai/api/v1/ingest/documents/local \\\\
  --header 'Content-Type: multipart/form-data' \\\\
  --header 'X-API-Key: XXXXXXXXXXXXXXXXXXXXXXXXXXXXXXXXXXXX' \\\\
  --form blob=@document.txt \\\\
  --form 'metadata={\\"bucketId\\":6124,\\"fileName\\":\\"document.txt\\",\\"fileType\\":\\"txt\\"}'"
`;
